1778067970.591712 client started (54288): version 3.6a, socket /private/tmp/tmux-501/default, protocol 8
1778067970.591892 on Darwin 24.6.0 Darwin Kernel Version 24.6.0: Wed Nov  5 21:33:32 PST 2025; root:xnu-11417.140.69.705.2~1/RELEASE_ARM64_T6030
1778067970.591949 using libevent 2.1.12-stable select
1778067970.592419 using utf8proc 2.11.3
1778067970.592494 using ncurses 6.5 20240427
1778067970.592547 flags are 0x10010000
1778067970.592606 socket is /private/tmp/tmux-501/default
1778067970.592640 trying connect
1778067970.592877 add peer 0x600000194000: 6 (0x0)
1778067970.597016 sending message 111 to peer 0x600000194000 (8 bytes)
1778067970.597081 sending message 111 to peer 0x600000194000 (8 bytes)
1778067970.597101 sending message 101 to peer 0x600000194000 (14 bytes)
1778067970.597115 sending message 109 to peer 0x600000194000 (4 bytes)
1778067970.597127 sending message 102 to peer 0x600000194000 (13 bytes)
1778067970.597138 sending message 108 to peer 0x600000194000 (55 bytes)
1778067970.597149 sending message 112 to peer 0x600000194000 (70 bytes)
1778067970.597160 sending message 112 to peer 0x600000194000 (5 bytes)
1778067970.597170 sending message 112 to peer 0x600000194000 (5 bytes)
1778067970.597180 sending message 112 to peer 0x600000194000 (6 bytes)
1778067970.597190 sending message 112 to peer 0x600000194000 (6 bytes)
1778067970.597198 sending message 112 to peer 0x600000194000 (11 bytes)
1778067970.597207 sending message 112 to peer 0x600000194000 (10 bytes)
1778067970.597218 sending message 112 to peer 0x600000194000 (13 bytes)
1778067970.597229 sending message 112 to peer 0x600000194000 (13 bytes)
1778067970.597239 sending message 112 to peer 0x600000194000 (18 bytes)
1778067970.597248 sending message 112 to peer 0x600000194000 (11 bytes)
1778067970.597257 sending message 112 to peer 0x600000194000 (10 bytes)
1778067970.597266 sending message 112 to peer 0x600000194000 (15 bytes)
1778067970.597275 sending message 112 to peer 0x600000194000 (21 bytes)
1778067970.597284 sending message 112 to peer 0x600000194000 (13 bytes)
1778067970.597293 sending message 112 to peer 0x600000194000 (7 bytes)
1778067970.597302 sending message 112 to peer 0x600000194000 (13 bytes)
1778067970.597312 sending message 112 to peer 0x600000194000 (7 bytes)
1778067970.597321 sending message 112 to peer 0x600000194000 (13 bytes)
1778067970.597330 sending message 112 to peer 0x600000194000 (9 bytes)
1778067970.597338 sending message 112 to peer 0x600000194000 (21 bytes)
1778067970.597348 sending message 112 to peer 0x600000194000 (13 bytes)
1778067970.597356 sending message 112 to peer 0x600000194000 (8 bytes)
1778067970.597365 sending message 112 to peer 0x600000194000 (12 bytes)
1778067970.597374 sending message 112 to peer 0x600000194000 (13 bytes)
1778067970.597382 sending message 112 to peer 0x600000194000 (9 bytes)
1778067970.597390 sending message 112 to peer 0x600000194000 (9 bytes)
1778067970.597397 sending message 112 to peer 0x600000194000 (12 bytes)
1778067970.597417 sending message 112 to peer 0x600000194000 (8 bytes)
1778067970.597433 sending message 112 to peer 0x600000194000 (8 bytes)
1778067970.597442 sending message 112 to peer 0x600000194000 (7 bytes)
1778067970.597452 sending message 112 to peer 0x600000194000 (7 bytes)
1778067970.597461 sending message 112 to peer 0x600000194000 (9 bytes)
1778067970.597470 sending message 112 to peer 0x600000194000 (13 bytes)
1778067970.597479 sending message 112 to peer 0x600000194000 (6 bytes)
1778067970.597488 sending message 112 to peer 0x600000194000 (9 bytes)
1778067970.597497 sending message 112 to peer 0x600000194000 (15 bytes)
1778067970.597505 sending message 112 to peer 0x600000194000 (13 bytes)
1778067970.597514 sending message 112 to peer 0x600000194000 (12 bytes)
1778067970.597522 sending message 112 to peer 0x600000194000 (8 bytes)
1778067970.597530 sending message 112 to peer 0x600000194000 (14 bytes)
1778067970.597537 sending message 112 to peer 0x600000194000 (11 bytes)
1778067970.597545 sending message 112 to peer 0x600000194000 (9 bytes)
1778067970.597552 sending message 112 to peer 0x600000194000 (10 bytes)
1778067970.597582 sending message 112 to peer 0x600000194000 (10 bytes)
1778067970.597588 sending message 112 to peer 0x600000194000 (10 bytes)
1778067970.597594 sending message 112 to peer 0x600000194000 (10 bytes)
1778067970.597599 sending message 112 to peer 0x600000194000 (11 bytes)
1778067970.597604 sending message 112 to peer 0x600000194000 (12 bytes)
1778067970.597610 sending message 112 to peer 0x600000194000 (12 bytes)
1778067970.597614 sending message 112 to peer 0x600000194000 (12 bytes)
1778067970.597619 sending message 112 to peer 0x600000194000 (12 bytes)
1778067970.597624 sending message 112 to peer 0x600000194000 (12 bytes)
1778067970.597630 sending message 112 to peer 0x600000194000 (11 bytes)
1778067970.597636 sending message 112 to peer 0x600000194000 (11 bytes)
1778067970.597642 sending message 112 to peer 0x600000194000 (12 bytes)
1778067970.597648 sending message 112 to peer 0x600000194000 (12 bytes)
1778067970.597653 sending message 112 to peer 0x600000194000 (12 bytes)
1778067970.597659 sending message 112 to peer 0x600000194000 (12 bytes)
1778067970.597665 sending message 112 to peer 0x600000194000 (12 bytes)
1778067970.597671 sending message 112 to peer 0x600000194000 (10 bytes)
1778067970.597677 sending message 112 to peer 0x600000194000 (12 bytes)
1778067970.597682 sending message 112 to peer 0x600000194000 (13 bytes)
1778067970.597688 sending message 112 to peer 0x600000194000 (13 bytes)
1778067970.597693 sending message 112 to peer 0x600000194000 (13 bytes)
1778067970.597699 sending message 112 to peer 0x600000194000 (13 bytes)
1778067970.597704 sending message 112 to peer 0x600000194000 (13 bytes)
1778067970.597710 sending message 112 to peer 0x600000194000 (8 bytes)
1778067970.597716 sending message 112 to peer 0x600000194000 (11 bytes)
1778067970.597721 sending message 112 to peer 0x600000194000 (11 bytes)
1778067970.597726 sending message 112 to peer 0x600000194000 (11 bytes)
1778067970.597731 sending message 112 to peer 0x600000194000 (12 bytes)
1778067970.597736 sending message 112 to peer 0x600000194000 (12 bytes)
1778067970.597741 sending message 112 to peer 0x600000194000 (12 bytes)
1778067970.597747 sending message 112 to peer 0x600000194000 (12 bytes)
1778067970.597752 sending message 112 to peer 0x600000194000 (13 bytes)
1778067970.597757 sending message 112 to peer 0x600000194000 (13 bytes)
1778067970.597762 sending message 112 to peer 0x600000194000 (13 bytes)
1778067970.597766 sending message 112 to peer 0x600000194000 (8 bytes)
1778067970.597771 sending message 112 to peer 0x600000194000 (13 bytes)
1778067970.597776 sending message 112 to peer 0x600000194000 (13 bytes)
1778067970.597781 sending message 112 to peer 0x600000194000 (13 bytes)
1778067970.597786 sending message 112 to peer 0x600000194000 (13 bytes)
1778067970.597791 sending message 112 to peer 0x600000194000 (13 bytes)
1778067970.597795 sending message 112 to peer 0x600000194000 (12 bytes)
1778067970.597801 sending message 112 to peer 0x600000194000 (12 bytes)
1778067970.597807 sending message 112 to peer 0x600000194000 (12 bytes)
1778067970.597813 sending message 112 to peer 0x600000194000 (12 bytes)
1778067970.597819 sending message 112 to peer 0x600000194000 (13 bytes)
1778067970.597825 sending message 112 to peer 0x600000194000 (8 bytes)
1778067970.597830 sending message 112 to peer 0x600000194000 (13 bytes)
1778067970.597836 sending message 112 to peer 0x600000194000 (13 bytes)
1778067970.597841 sending message 112 to peer 0x600000194000 (13 bytes)
1778067970.597847 sending message 112 to peer 0x600000194000 (13 bytes)
1778067970.597852 sending message 112 to peer 0x600000194000 (13 bytes)
1778067970.597859 sending message 112 to peer 0x600000194000 (13 bytes)
1778067970.597865 sending message 112 to peer 0x600000194000 (13 bytes)
1778067970.597872 sending message 112 to peer 0x600000194000 (12 bytes)
1778067970.597879 sending message 112 to peer 0x600000194000 (12 bytes)
1778067970.597886 sending message 112 to peer 0x600000194000 (12 bytes)
1778067970.597892 sending message 112 to peer 0x600000194000 (8 bytes)
1778067970.597916 sending message 112 to peer 0x600000194000 (12 bytes)
1778067970.597923 sending message 112 to peer 0x600000194000 (13 bytes)
1778067970.597930 sending message 112 to peer 0x600000194000 (13 bytes)
1778067970.597937 sending message 112 to peer 0x600000194000 (13 bytes)
1778067970.597945 sending message 112 to peer 0x600000194000 (13 bytes)
1778067970.597951 sending message 112 to peer 0x600000194000 (13 bytes)
1778067970.597958 sending message 112 to peer 0x600000194000 (13 bytes)
1778067970.597965 sending message 112 to peer 0x600000194000 (13 bytes)
1778067970.597972 sending message 112 to peer 0x600000194000 (13 bytes)
1778067970.597979 sending message 112 to peer 0x600000194000 (12 bytes)
1778067970.597987 sending message 112 to peer 0x600000194000 (10 bytes)
1778067970.597995 sending message 112 to peer 0x600000194000 (12 bytes)
1778067970.598002 sending message 112 to peer 0x600000194000 (12 bytes)
1778067970.598010 sending message 112 to peer 0x600000194000 (12 bytes)
1778067970.598018 sending message 112 to peer 0x600000194000 (13 bytes)
1778067970.598026 sending message 112 to peer 0x600000194000 (13 bytes)
1778067970.598034 sending message 112 to peer 0x600000194000 (13 bytes)
1778067970.598041 sending message 112 to peer 0x600000194000 (13 bytes)
1778067970.598047 sending message 112 to peer 0x600000194000 (13 bytes)
1778067970.598054 sending message 112 to peer 0x600000194000 (13 bytes)
1778067970.598060 sending message 112 to peer 0x600000194000 (13 bytes)
1778067970.598066 sending message 112 to peer 0x600000194000 (10 bytes)
1778067970.598073 sending message 112 to peer 0x600000194000 (13 bytes)
1778067970.598080 sending message 112 to peer 0x600000194000 (12 bytes)
1778067970.598088 sending message 112 to peer 0x600000194000 (12 bytes)
1778067970.598095 sending message 112 to peer 0x600000194000 (12 bytes)
1778067970.598102 sending message 112 to peer 0x600000194000 (10 bytes)
1778067970.598110 sending message 112 to peer 0x600000194000 (10 bytes)
1778067970.598118 sending message 112 to peer 0x600000194000 (10 bytes)
1778067970.598126 sending message 112 to peer 0x600000194000 (12 bytes)
1778067970.598135 sending message 112 to peer 0x600000194000 (13 bytes)
1778067970.598145 sending message 112 to peer 0x600000194000 (13 bytes)
1778067970.598154 sending message 112 to peer 0x600000194000 (13 bytes)
1778067970.598165 sending message 112 to peer 0x600000194000 (13 bytes)
1778067970.598177 sending message 112 to peer 0x600000194000 (13 bytes)
1778067970.598189 sending message 112 to peer 0x600000194000 (11 bytes)
1778067970.598200 sending message 112 to peer 0x600000194000 (11 bytes)
1778067970.598212 sending message 112 to peer 0x600000194000 (12 bytes)
1778067970.598224 sending message 112 to peer 0x600000194000 (12 bytes)
1778067970.598235 sending message 112 to peer 0x600000194000 (12 bytes)
1778067970.598247 sending message 112 to peer 0x600000194000 (12 bytes)
1778067970.598257 sending message 112 to peer 0x600000194000 (12 bytes)
1778067970.598269 sending message 112 to peer 0x600000194000 (11 bytes)
1778067970.598280 sending message 112 to peer 0x600000194000 (12 bytes)
1778067970.598290 sending message 112 to peer 0x600000194000 (12 bytes)
1778067970.598299 sending message 112 to peer 0x600000194000 (13 bytes)
1778067970.598308 sending message 112 to peer 0x600000194000 (13 bytes)
1778067970.598315 sending message 112 to peer 0x600000194000 (13 bytes)
1778067970.598323 sending message 112 to peer 0x600000194000 (13 bytes)
1778067970.598331 sending message 112 to peer 0x600000194000 (13 bytes)
1778067970.598338 sending message 112 to peer 0x600000194000 (10 bytes)
1778067970.598346 sending message 112 to peer 0x600000194000 (9 bytes)
1778067970.598354 sending message 112 to peer 0x600000194000 (12 bytes)
1778067970.598362 sending message 112 to peer 0x600000194000 (13 bytes)
1778067970.598369 sending message 112 to peer 0x600000194000 (13 bytes)
1778067970.598376 sending message 112 to peer 0x600000194000 (13 bytes)
1778067970.598384 sending message 112 to peer 0x600000194000 (13 bytes)
1778067970.598407 sending message 112 to peer 0x600000194000 (13 bytes)
1778067970.598416 sending message 112 to peer 0x600000194000 (9 bytes)
1778067970.598423 sending message 112 to peer 0x600000194000 (12 bytes)
1778067970.598430 sending message 112 to peer 0x600000194000 (13 bytes)
1778067970.598437 sending message 112 to peer 0x600000194000 (13 bytes)
1778067970.598444 sending message 112 to peer 0x600000194000 (13 bytes)
1778067970.598451 sending message 112 to peer 0x600000194000 (13 bytes)
1778067970.598457 sending message 112 to peer 0x600000194000 (13 bytes)
1778067970.598463 sending message 112 to peer 0x600000194000 (11 bytes)
1778067970.598470 sending message 112 to peer 0x600000194000 (12 bytes)
1778067970.598477 sending message 112 to peer 0x600000194000 (13 bytes)
1778067970.598483 sending message 112 to peer 0x600000194000 (13 bytes)
1778067970.598491 sending message 112 to peer 0x600000194000 (13 bytes)
1778067970.598498 sending message 112 to peer 0x600000194000 (13 bytes)
1778067970.598504 sending message 112 to peer 0x600000194000 (13 bytes)
1778067970.598511 sending message 112 to peer 0x600000194000 (11 bytes)
1778067970.598518 sending message 112 to peer 0x600000194000 (12 bytes)
1778067970.598524 sending message 112 to peer 0x600000194000 (12 bytes)
1778067970.598531 sending message 112 to peer 0x600000194000 (12 bytes)
1778067970.598538 sending message 112 to peer 0x600000194000 (12 bytes)
1778067970.598546 sending message 112 to peer 0x600000194000 (12 bytes)
1778067970.598555 sending message 112 to peer 0x600000194000 (21 bytes)
1778067970.598562 sending message 112 to peer 0x600000194000 (12 bytes)
1778067970.598569 sending message 112 to peer 0x600000194000 (9 bytes)
1778067970.598577 sending message 112 to peer 0x600000194000 (6 bytes)
1778067970.598586 sending message 112 to peer 0x600000194000 (13 bytes)
1778067970.598593 sending message 112 to peer 0x600000194000 (8 bytes)
1778067970.598601 sending message 112 to peer 0x600000194000 (15 bytes)
1778067970.598607 sending message 112 to peer 0x600000194000 (13 bytes)
1778067970.598614 sending message 112 to peer 0x600000194000 (9 bytes)
1778067970.598620 sending message 112 to peer 0x600000194000 (70 bytes)
1778067970.598627 sending message 112 to peer 0x600000194000 (69 bytes)
1778067970.598634 sending message 112 to peer 0x600000194000 (10 bytes)
1778067970.598642 sending message 112 to peer 0x600000194000 (10 bytes)
1778067970.598649 sending message 112 to peer 0x600000194000 (8 bytes)
1778067970.598655 sending message 112 to peer 0x600000194000 (15 bytes)
1778067970.598662 sending message 112 to peer 0x600000194000 (13 bytes)
1778067970.598669 sending message 112 to peer 0x600000194000 (10 bytes)
1778067970.598676 sending message 112 to peer 0x600000194000 (10 bytes)
1778067970.598683 sending message 112 to peer 0x600000194000 (17 bytes)
1778067970.598689 sending message 112 to peer 0x600000194000 (10 bytes)
1778067970.598696 sending message 112 to peer 0x600000194000 (13 bytes)
1778067970.598702 sending message 112 to peer 0x600000194000 (9 bytes)
1778067970.598709 sending message 112 to peer 0x600000194000 (5 bytes)
1778067970.598715 sending message 112 to peer 0x600000194000 (15 bytes)
1778067970.598724 sending message 104 to peer 0x600000194000 (0 bytes)
1778067970.598733 sending message 110 to peer 0x600000194000 (0 bytes)
1778067970.598741 sending message 107 to peer 0x600000194000 (4 bytes)
1778067970.598748 sending message 105 to peer 0x600000194000 (36 bytes)
1778067970.598754 sending message 105 to peer 0x600000194000 (20 bytes)
1778067970.598760 sending message 105 to peer 0x600000194000 (22 bytes)
1778067970.598767 sending message 105 to peer 0x600000194000 (231 bytes)
1778067970.598774 sending message 105 to peer 0x600000194000 (57 bytes)
1778067970.598781 sending message 105 to peer 0x600000194000 (75 bytes)
1778067970.598787 sending message 105 to peer 0x600000194000 (47 bytes)
1778067970.598793 sending message 105 to peer 0x600000194000 (38 bytes)
1778067970.598799 sending message 105 to peer 0x600000194000 (54 bytes)
1778067970.598827 sending message 105 to peer 0x600000194000 (18 bytes)
1778067970.598836 sending message 105 to peer 0x600000194000 (24 bytes)
1778067970.598842 sending message 105 to peer 0x600000194000 (37 bytes)
1778067970.598848 sending message 105 to peer 0x600000194000 (30 bytes)
1778067970.598854 sending message 105 to peer 0x600000194000 (34 bytes)
1778067970.598861 sending message 105 to peer 0x600000194000 (60 bytes)
1778067970.598867 sending message 105 to peer 0x600000194000 (61 bytes)
1778067970.598872 sending message 105 to peer 0x600000194000 (17 bytes)
1778067970.598878 sending message 105 to peer 0x600000194000 (20 bytes)
1778067970.598884 sending message 105 to peer 0x600000194000 (54 bytes)
1778067970.598890 sending message 105 to peer 0x600000194000 (329 bytes)
1778067970.598897 sending message 105 to peer 0x600000194000 (61 bytes)
1778067970.598904 sending message 105 to peer 0x600000194000 (59 bytes)
1778067970.598910 sending message 105 to peer 0x600000194000 (16 bytes)
1778067970.598916 sending message 105 to peer 0x600000194000 (32 bytes)
1778067970.598922 sending message 105 to peer 0x600000194000 (68 bytes)
1778067970.598928 sending message 105 to peer 0x600000194000 (62 bytes)
1778067970.598935 sending message 105 to peer 0x600000194000 (978 bytes)
1778067970.598941 sending message 105 to peer 0x600000194000 (152 bytes)
1778067970.598948 sending message 105 to peer 0x600000194000 (59 bytes)
1778067970.598954 sending message 105 to peer 0x600000194000 (67 bytes)
1778067970.598961 sending message 105 to peer 0x600000194000 (46 bytes)
1778067970.598980 sending message 105 to peer 0x600000194000 (60 bytes)
1778067970.598995 sending message 105 to peer 0x600000194000 (38 bytes)
1778067970.599004 sending message 105 to peer 0x600000194000 (28 bytes)
1778067970.599011 sending message 105 to peer 0x600000194000 (24 bytes)
1778067970.599020 sending message 105 to peer 0x600000194000 (15 bytes)
1778067970.599028 sending message 105 to peer 0x600000194000 (8 bytes)
1778067970.599034 sending message 105 to peer 0x600000194000 (66 bytes)
1778067970.599041 sending message 105 to peer 0x600000194000 (19 bytes)
1778067970.599049 sending message 105 to peer 0x600000194000 (63 bytes)
1778067970.599056 sending message 105 to peer 0x600000194000 (18 bytes)
1778067970.599063 sending message 105 to peer 0x600000194000 (26 bytes)
1778067970.599070 sending message 105 to peer 0x600000194000 (67 bytes)
1778067970.599077 sending message 105 to peer 0x600000194000 (57 bytes)
1778067970.599084 sending message 105 to peer 0x600000194000 (42 bytes)
1778067970.599092 sending message 105 to peer 0x600000194000 (13 bytes)
1778067970.599099 sending message 105 to peer 0x600000194000 (66 bytes)
1778067970.599105 sending message 105 to peer 0x600000194000 (17 bytes)
1778067970.599111 sending message 105 to peer 0x600000194000 (98 bytes)
1778067970.599117 sending message 105 to peer 0x600000194000 (14 bytes)
1778067970.599124 sending message 105 to peer 0x600000194000 (19 bytes)
1778067970.599131 sending message 105 to peer 0x600000194000 (43 bytes)
1778067970.599137 sending message 105 to peer 0x600000194000 (32 bytes)
1778067970.599143 sending message 105 to peer 0x600000194000 (25 bytes)
1778067970.599151 sending message 106 to peer 0x600000194000 (0 bytes)
1778067970.599267 sending message 200 to peer 0x600000194000 (4 bytes)
1778067970.599296 client loop enter
1778067970.599825 peer 0x600000194000 message 303
1778067970.599868 open write file 2 -
1778067970.599909 sending message 305 to peer 0x600000194000 (8 bytes)
1778067970.599925 write check file 2
1778067970.600004 peer 0x600000194000 message 304
1778067970.600025 write 58 to file 2
1778067970.600046 peer 0x600000194000 message 203
1778067970.600057 file 2 58 bytes left
1778067970.600079 write check file 2
1778067970.600087 client loop exit
